Game store initialized
New game created with ID: GrPkT  and ROM: tetris
Game removed from active games: GrPkT
New game created with ID: CnMgb  and ROM: tetris
Game removed from active games: CnMgb
New game created with ID: vEVpm  and ROM: tetris
Game removed from active games: vEVpm
New game created with ID: BkkBV  and ROM: mario
Game removed from active games: BkkBV
New game created with ID: lMybt  and ROM: tetris
Game removed from active games: lMybt
New game created with ID: PlFoC  and ROM: mario
Game removed from active games: PlFoC
New game created with ID: AUAyg  and ROM: tetris
Game removed from active games: AUAyg
New game created with ID: dTmmG  and ROM: mario
Game removed from active games: dTmmG
New game created with ID: tUEnf  and ROM: mario
Game removed from active games: tUEnf
New game created with ID: hPHIm  and ROM: mario
Game removed from active games: hPHIm
New game created with ID: FnzKq  and ROM: mario
Game removed from active games: FnzKq
New game created with ID: xgFzL  and ROM: mario
Game removed from active games: xgFzL
New game created with ID: OfyKa  and ROM: tetris
Game removed from active games: OfyKa
